== lib/soft_foundry/advisory.rb
Syntax OK
== lib/soft_foundry/agent_files.rb
Syntax OK
== lib/soft_foundry/billing.rb
Syntax OK
== lib/soft_foundry/budget.rb
Syntax OK
== lib/soft_foundry/change_record.rb
Syntax OK
== lib/soft_foundry/check.rb
Syntax OK
== lib/soft_foundry/cli.rb
Syntax OK
== lib/soft_foundry/content_scan.rb
Syntax OK
== lib/soft_foundry/control_plane.rb
Syntax OK
== lib/soft_foundry/errors.rb
Syntax OK
== lib/soft_foundry/gate.rb
Syntax OK
== lib/soft_foundry/git.rb
Syntax OK
== lib/soft_foundry/guard.rb
Syntax OK
== lib/soft_foundry/hooks.rb
Syntax OK
== lib/soft_foundry/installer.rb
Syntax OK
== lib/soft_foundry/learning.rb
Syntax OK
== lib/soft_foundry/manifest.rb
Syntax OK
== lib/soft_foundry/maturity_deep_assess.rb
Syntax OK
== lib/soft_foundry/maturity_report.rb
Syntax OK
== lib/soft_foundry/maturity_scan.rb
Syntax OK
== lib/soft_foundry/onboarding.rb
Syntax OK
== lib/soft_foundry/phase_runner.rb
Syntax OK
== lib/soft_foundry/pr_discharge.rb
Syntax OK
== lib/soft_foundry/provider.rb
Syntax OK
== lib/soft_foundry/providers.rb
Syntax OK
== lib/soft_foundry/safe_write.rb
Syntax OK
== lib/soft_foundry/shell.rb
Syntax OK
== lib/soft_foundry/updater.rb
Syntax OK
== lib/soft_foundry/version.rb
Syntax OK
== lib/soft_foundry/installer/source.rb
Syntax OK
== lib/soft_foundry.rb
Syntax OK
== exe/soft-foundry
Syntax OK
== test/content_scan_test.rb
Syntax OK
