$ for f in $(find lib -name '*.rb' | sort); do ruby -wc $f; done
--- lib/soft_foundry.rb
Syntax OK
exit=0
--- lib/soft_foundry/agent_files.rb
Syntax OK
exit=0
--- lib/soft_foundry/change_record.rb
Syntax OK
exit=0
--- lib/soft_foundry/check.rb
Syntax OK
exit=0
--- lib/soft_foundry/cli.rb
Syntax OK
exit=0
--- lib/soft_foundry/control_plane.rb
Syntax OK
exit=0
--- lib/soft_foundry/errors.rb
Syntax OK
exit=0
--- lib/soft_foundry/gate.rb
Syntax OK
exit=0
--- lib/soft_foundry/git.rb
Syntax OK
exit=0
--- lib/soft_foundry/hooks.rb
Syntax OK
exit=0
--- lib/soft_foundry/installer.rb
Syntax OK
exit=0
--- lib/soft_foundry/installer/source.rb
Syntax OK
exit=0
--- lib/soft_foundry/manifest.rb
Syntax OK
exit=0
--- lib/soft_foundry/onboarding.rb
Syntax OK
exit=0
--- lib/soft_foundry/provider.rb
Syntax OK
exit=0
--- lib/soft_foundry/providers.rb
Syntax OK
exit=0
--- lib/soft_foundry/shell.rb
Syntax OK
exit=0
--- lib/soft_foundry/version.rb
Syntax OK
exit=0
