# worktree at RED commit eb3ace32423d11f706a77b390260d6ac0790b91b
  1) Failure:
CrossProviderReviewTest#test_remediation_counts_too [test/cross_provider_review_test.rb:110]:
  2) Failure:
CrossProviderReviewTest#test_unknown_implementation_provider_keeps_claude_and_says_so [test/cross_provider_review_test.rb:151]:
  3) Failure:
CrossProviderReviewTest#test_a_review_on_the_same_provider_is_advised [test/cross_provider_review_test.rb:163]:
  4) Failure:
CrossProviderReviewTest#test_templates_and_skill_text_carry_the_rule [test/cross_provider_review_test.rb:207]:
  5) Error:
CrossProviderReviewTest#test_provider_names_are_normalized_from_the_handoff_or_the_shell:
  6) Failure:
CrossProviderReviewTest#test_review_without_shell_picks_the_first_installed_other_provider_and_says_why [test/cross_provider_review_test.rb:94]:
  7) Failure:
CrossProviderReviewTest#test_review_and_judgment_declare_the_preference_and_check_lints_it [test/cross_provider_review_test.rb:63]:
  8) Failure:
CrossProviderReviewTest#test_with_no_other_provider_installed_it_warns_and_uses_what_there_is [test/cross_provider_review_test.rb:122]:
  9) Error:
CrossProviderReviewTest#test_blocking_and_major_findings_must_name_the_failure_they_prevent:
10 runs, 24 assertions, 7 failures, 2 errors, 0 skips
