# worktree at RED commit d278ecfd97ab3a34def32c75635413d54ead89bb, code as it was before its GREEN commit
  1) Error:
CrossCliHooksTest#test_grok_runs_headless_with_a_chosen_session_id_and_the_claude_guard_hook:
  2) Failure:
GuardTest#test_grok_tool_names_get_the_same_decisions_as_claude_codes [test/guard_test.rb:266]:
  3) Failure:
GuardTest#test_a_grok_payload_through_the_cli_is_refused_in_block_mode [test/guard_test.rb:280]:
  4) Error:
SessionLedgerTest#test_prompts_are_masked_flattened_and_cut_and_the_files_are_private:
  5) Error:
SessionLedgerTest#test_resume_prints_the_newest_command_for_a_change_and_fails_when_there_is_none:
  6) Failure:
SessionLedgerTest#test_a_symlink_at_the_ledger_path_is_refused [test/session_ledger_test.rb:199]:
  7) Error:
SessionLedgerTest#test_grok_payloads_are_recorded_as_grok_whatever_the_shell_flag_says:
  8) Error:
SessionLedgerTest#test_resume_commands_quote_the_folder_and_use_each_agents_form:
  9) Error:
SessionLedgerTest#test_sessions_matches_every_word_and_filter_newest_first:
SessionLedgerTest#test_one_entry_per_session_updated_in_place:
SessionLedgerTest#test_status_word_says_whether_a_session_can_be_resumed:
SessionLedgerTest#test_a_session_id_that_is_not_a_plain_identifier_is_never_recorded:
SessionLedgerTest#test_control_characters_are_removed_from_recorded_text:
SessionLedgerTest#test_sessions_with_no_ledger_says_how_to_start_one [test/session_ledger_test.rb:293]:
SessionLedgerTest#test_a_corrupt_line_is_kept_and_does_not_stop_recording:
SessionLedgerTest#test_session_log_is_silent_and_exits_zero_whatever_it_is_given [test/session_ledger_test.rb:210]:
SessionLedgerTest#test_concurrent_writers_lose_no_entries:
SessionLedgerTest#test_records_repository_branch_change_and_phase_from_the_folder:
SessionLedgerTest#test_session_log_records_fast_with_a_large_ledger:
PhaseRunnerTest#test_a_codex_run_with_no_recorded_session_leaves_session_id_null [test/phase_runner_test.rb:214]:
PhaseRunnerTest#test_run_moves_current_phase_stamps_executed_by_and_gates_the_result:
PhaseRunnerTest#test_a_codex_run_records_the_session_the_ledger_saw:
PhaseRunnerTest#test_dry_run_prints_the_command_and_the_prompt_without_launching [test/phase_runner_test.rb:83]:
SnapshotTest#test_change_lists_its_recorded_sessions:
SessionHooksTest#test_a_symlinked_settings_file_is_refused [test/session_hooks_test.rb:126]:
SessionHooksTest#test_doctor_reports_the_session_hook [test/session_hooks_test.rb:136]:
SessionHooksTest#test_the_hook_command_fails_open_and_prints_nothing:
SessionHooksTest#test_uninstall_removes_only_soft_foundry_entries_and_skills [test/session_hooks_test.rb:96]:
SessionHooksTest#test_install_says_what_it_did_and_how_codex_trust_works [test/session_hooks_test.rb:70]:
SessionHooksTest#test_a_find_session_skill_someone_else_wrote_is_left_alone [test/session_hooks_test.rb:112]:
SessionHooksTest#test_install_writes_one_entry_per_agent_keeps_other_settings_and_is_idempotent [test/session_hooks_test.rb:45]:
UIAssetsTest#test_change_page_lists_recorded_sessions_as_text [test/ui_assets_test.rb:121]:
91 runs, 537 assertions, 14 failures, 18 errors, 0 skips
