== test/ui_server_test.rb at 0d69a4d
   1   1) Error:
   1   2) Error:
   1   3) Error:
   1   4) Error:
   1   5) Error:
   1   6) Error:
   1   7) Error:
   1   8) Error:
   1   9) Error:
   1  10) Error:
   1  11) Error:
   1  12) Error:
   1  13) Error:
   1  14) Error:
   1  15) Error:
   1  16) Error:
   1  17) Error:
   1  18) Error:
   1 18 runs, 0 assertions, 0 failures, 18 errors, 0 skips
  18 NameError: uninitialized constant SoftFoundry::UI
== test/cli_ui_test.rb at 0d69a4d
   1   1) Failure:
   1   2) Error:
   1   3) Error:
   1   4) Error:
   1   5) Error:
   1   6) Error:
   1 6 runs, 2 assertions, 1 failures, 5 errors, 0 skips
   5 ArgumentError: unknown keyword: :ui_server
   1 Expected "Soft Foundry 0.15.0\n\nUsage:\n  soft-foundry init [options]             install the control plane into this repository, then onboard\n      --dry-run  --force  --no-onboard  --root PATH  --
== test/ui_assets_test.rb at 0d69a4d
   1   1) Error:
   1   2) Error:
   1   3) Failure:
   1   4) Error:
   1   5) Error:
   1   6) Error:
   1 6 runs, 2 assertions, 1 failures, 5 errors, 0 skips
   1 Expected [".ai/README.md", ".ai/harness-evals", ".ai/harness-evals/README.md", ".ai/maturity.yml", ".ai/paths.yml", ".ai/policies", ".ai/policies/budget.yml", ".ai/policies/content-scan.yml", ".ai/pol
