### Carry-forward probe of VER-004 at the current commit: running from source under a Ruby below the declared floor (required_ruby_version >= 3.2).
### The previous run hit this accidentally when asdf resolved ruby 2.7.8 in a scratch directory; this rerun reproduces it deliberately with the absolute 2.7.8 binary. Environment probe, not a required gate.
$ /Users/jscholen-iou/.asdf/installs/ruby/2.7.8/bin/ruby -v
ruby 2.7.8p225 (2023-03-30 revision 1f4d455848) [arm64-darwin23]
$ /Users/jscholen-iou/.asdf/installs/ruby/2.7.8/bin/ruby -Ilib exe/soft-foundry version
/Users/jscholen-iou/dev/soft_foundry/lib/soft_foundry.rb:4:in `require_relative': /Users/jscholen-iou/dev/soft_foundry/lib/soft_foundry/cli.rb:63: syntax error, unexpected '=' (SyntaxError)
    def flag(name) = !!@argv.delete(name)
                   ^
/Users/jscholen-iou/dev/soft_foundry/lib/soft_foundry/cli.rb:140: syntax error, unexpected '=', expecting ';' or '\\n'
    def plane = @plane ||= ControlPlane.new(...
              ^
/Users/jscholen-iou/dev/soft_foundry/lib/soft_foundry/cli.rb:141: syntax error, unexpected '=', expecting ';' or '\\n'
    def git = @git ||= Git.new(@root)
            ^
/Users/jscholen-iou/dev/soft_foundry/lib/soft_foundry/cli.rb:313: syntax error, unexpected end-of-input, expecting `end'
	from /Users/jscholen-iou/dev/soft_foundry/lib/soft_foundry.rb:4:in `<top (required)>'
	from /Users/jscholen-iou/.asdf/installs/ruby/2.7.8/lib/ruby/2.7.0/rubygems/core_ext/kernel_require.rb:83:in `require'
	from /Users/jscholen-iou/.asdf/installs/ruby/2.7.8/lib/ruby/2.7.0/rubygems/core_ext/kernel_require.rb:83:in `require'
	from exe/soft-foundry:4:in `<main>'
exit=1

$ /Users/jscholen-iou/.asdf/installs/ruby/2.7.8/bin/ruby -Ilib exe/soft-foundry init --dry-run --no-onboard
/Users/jscholen-iou/dev/soft_foundry/lib/soft_foundry.rb:4:in `require_relative': /Users/jscholen-iou/dev/soft_foundry/lib/soft_foundry/cli.rb:63: syntax error, unexpected '=' (SyntaxError)
    def flag(name) = !!@argv.delete(name)
                   ^
/Users/jscholen-iou/dev/soft_foundry/lib/soft_foundry/cli.rb:140: syntax error, unexpected '=', expecting ';' or '\\n'
    def plane = @plane ||= ControlPlane.new(...
              ^
/Users/jscholen-iou/dev/soft_foundry/lib/soft_foundry/cli.rb:141: syntax error, unexpected '=', expecting ';' or '\\n'
    def git = @git ||= Git.new(@root)
            ^
/Users/jscholen-iou/dev/soft_foundry/lib/soft_foundry/cli.rb:313: syntax error, unexpected end-of-input, expecting `end'
	from /Users/jscholen-iou/dev/soft_foundry/lib/soft_foundry.rb:4:in `<top (required)>'
	from /Users/jscholen-iou/.asdf/installs/ruby/2.7.8/lib/ruby/2.7.0/rubygems/core_ext/kernel_require.rb:83:in `require'
	from /Users/jscholen-iou/.asdf/installs/ruby/2.7.8/lib/ruby/2.7.0/rubygems/core_ext/kernel_require.rb:83:in `require'
	from exe/soft-foundry:4:in `<main>'
exit=1

$ git status --porcelain -- . ':!changes/init-command/06-verification' (must be empty)
